// Jest Snapshot v1, https://goo.gl/fbAQLP

exports[`Page3 Layout renders correctly 1`] = `
<div>
  page3
</div>
`;
