// Jest Snapshot v1, https://goo.gl/fbAQLP

exports[`page2 component renders correctly 1`] = `
<div>
  page2
</div>
`;
