// Jest Snapshot v1, https://goo.gl/fbAQLP

exports[`Page2 Layout renders correctly 1`] = `
<div>
  page2
</div>
`;
