// Jest Snapshot v1, https://goo.gl/fbAQLP

exports[`Page1 Layout renders correctly 1`] = `
<div>
  page1
</div>
`;
