// Jest Snapshot v1, https://goo.gl/fbAQLP

exports[`Page Layout component renders correctly 1`] = `
<div
  className="container"
>
  <div
    className="row"
  >
    <div
      className="col-xs-12"
    >
      <div
        className="styles__MenuWrapper-sc-1xqusa2-0 jmRUHa"
      >
        <div
          className="styles__MenuItem-sc-1xqusa2-1 epopFD"
        >
          <a
            href="/"
            onClick={[Function]}
          >
            Home
          </a>
        </div>
        <div
          className="styles__MenuItem-sc-1xqusa2-1 epopFD"
        >
          <a
            href="/page1"
            onClick={[Function]}
          >
            Page1
          </a>
        </div>
        <div
          className="styles__MenuItem-sc-1xqusa2-1 epopFD"
        >
          <a
            href="/page2"
            onClick={[Function]}
          >
            Page2
          </a>
        </div>
        <div
          className="styles__MenuItem-sc-1xqusa2-1 epopFD"
        >
          <a
            href="/page3"
            onClick={[Function]}
          >
            Page3
          </a>
        </div>
        <div
          className="styles__MenuItem-sc-1xqusa2-1 etMKix"
        >
          <a
            href="/dashboard"
            onClick={[Function]}
          >
            Dashboard
          </a>
        </div>
      </div>
    </div>
  </div>
  <div
    className="row"
  >
    <div>
      test children
    </div>
  </div>
</div>
`;
